 TFDriver

 Timestamp is 5681f6ed (Tue Dec 29 10:58:53 2015)

 Preferred load address is 00400000

 Start         Length     Name                   Class
 0001:00000000 000005ecH .text                   CODE
 0002:00000000 0000005cH .idata$5                DATA
 0002:00000060 0000021cH .rdata                  DATA
 0002:0000027c 00000050H .rdata$debug            DATA
 0003:00000000 00000004H .bss                    DATA
 0004:00000000 00000291H PAGE                    CODE
 0005:00000000 00000014H .idata$2                CODE
 0005:00000014 00000014H .idata$3                CODE
 0005:00000028 0000005cH .idata$4                CODE
 0005:00000084 000001ecH .idata$6                CODE

  Address         Publics by Value              Rva+Base       Lib:Object

 0000:00000000       ___safe_se_handler_table   00000000     <absolute>
 0000:00000000       ___safe_se_handler_count   00000000     <absolute>
 0001:00000000       ?CreateDevice@@YGJPAU_DRIVER_OBJECT@@@Z 00401000 f   main.obj
 0001:000000d0       ?DestroyDevice@@YGXPAU_DRIVER_OBJECT@@@Z 004010d0 f   main.obj
 0001:00000120       ?DriverDispatch@@YGJPAU_DEVICE_OBJECT@@PAU_IRP@@@Z 00401120 f   main.obj
 0001:000002c0       ?MyDpc@@YGXPAU_KDPC@@PAX11@Z 004012c0 f   main.obj
 0001:000002e0       ?TestDpc@@YGXXZ            004012e0 f   main.obj
 0001:00000330       ?PnpAddDevice@@YGJPAU_DRIVER_OBJECT@@PAU_DEVICE_OBJECT@@@Z 00401330 f   main.obj
 0001:00000400       ?MyCreateProcessNotify@@YGXPAX0E@Z 00401400 f   main.obj
 0001:00000460       ?TestProcess@@YGXXZ        00401460 f   main.obj
 0001:00000480       ?MyThreadStart@@YGXPAX@Z   00401480 f   main.obj
 0001:000004f0       _IoGetCurrentIrpStackLocation@4 004014f0 f i main.obj
 0001:00000540       _IoMarkIrpPending@4        00401540 f i main.obj
 0001:00000568       _memset                    00401568 f   ntoskrnl:ntoskrnl.exe
 0001:0000056e       _RtlAssert@16              0040156e f   ntoskrnl:ntoskrnl.exe
 0001:00000574       _RtlInitUnicodeString@8    00401574 f   ntoskrnl:ntoskrnl.exe
 0001:0000057a       _DbgPrint                  0040157a f   ntoskrnl:ntoskrnl.exe
 0001:00000580       _KeInitializeDpc@12        00401580 f   ntoskrnl:ntoskrnl.exe
 0001:00000586       _KeDelayExecutionThread@12 00401586 f   ntoskrnl:ntoskrnl.exe
 0001:0000058c       _KeInitializeTimerEx@8     0040158c f   ntoskrnl:ntoskrnl.exe
 0001:00000592       _KeSetTimer@16             00401592 f   ntoskrnl:ntoskrnl.exe
 0001:00000598       _KeWaitForMultipleObjects@32 00401598 f   ntoskrnl:ntoskrnl.exe
 0001:0000059e       _PsCreateSystemThread@28   0040159e f   ntoskrnl:ntoskrnl.exe
 0001:000005a4       _PsTerminateSystemThread@4 004015a4 f   ntoskrnl:ntoskrnl.exe
 0001:000005aa       _IoAttachDeviceToDeviceStack@8 004015aa f   ntoskrnl:ntoskrnl.exe
 0001:000005b0       @IofCompleteRequest@8      004015b0 f   ntoskrnl:ntoskrnl.exe
 0001:000005b6       _IoCreateDevice@28         004015b6 f   ntoskrnl:ntoskrnl.exe
 0001:000005bc       _IoCreateSymbolicLink@8    004015bc f   ntoskrnl:ntoskrnl.exe
 0001:000005c2       _IoDeleteDevice@4          004015c2 f   ntoskrnl:ntoskrnl.exe
 0001:000005c8       _IoDeleteSymbolicLink@4    004015c8 f   ntoskrnl:ntoskrnl.exe
 0001:000005ce       @ObfDereferenceObject@4    004015ce f   ntoskrnl:ntoskrnl.exe
 0001:000005d4       _ZwClose@4                 004015d4 f   ntoskrnl:ntoskrnl.exe
 0001:000005da       _PsSetCreateProcessNotifyRoutine@8 004015da f   ntoskrnl:ntoskrnl.exe
 0001:000005e0       _PsLookupProcessByProcessId@8 004015e0 f   ntoskrnl:ntoskrnl.exe
 0001:000005e6       _PsLookupThreadByThreadId@8 004015e6 f   ntoskrnl:ntoskrnl.exe
 0002:00000000       __imp__memset              00402000     ntoskrnl:ntoskrnl.exe
 0002:00000004       __imp__RtlAssert@16        00402004     ntoskrnl:ntoskrnl.exe
 0002:00000008       __imp__RtlInitUnicodeString@8 00402008     ntoskrnl:ntoskrnl.exe
 0002:0000000c       __imp__DbgPrint            0040200c     ntoskrnl:ntoskrnl.exe
 0002:00000010       __imp__KeInitializeDpc@12  00402010     ntoskrnl:ntoskrnl.exe
 0002:00000014       __imp__KeDelayExecutionThread@12 00402014     ntoskrnl:ntoskrnl.exe
 0002:00000018       __imp__KeInitializeTimerEx@8 00402018     ntoskrnl:ntoskrnl.exe
 0002:0000001c       __imp__KeSetTimer@16       0040201c     ntoskrnl:ntoskrnl.exe
 0002:00000020       __imp__KeWaitForMultipleObjects@32 00402020     ntoskrnl:ntoskrnl.exe
 0002:00000024       __imp__PsCreateSystemThread@28 00402024     ntoskrnl:ntoskrnl.exe
 0002:00000028       __imp__PsTerminateSystemThread@4 00402028     ntoskrnl:ntoskrnl.exe
 0002:0000002c       __imp__IoAttachDeviceToDeviceStack@8 0040202c     ntoskrnl:ntoskrnl.exe
 0002:00000030       __imp_@IofCompleteRequest@8 00402030     ntoskrnl:ntoskrnl.exe
 0002:00000034       __imp__IoCreateDevice@28   00402034     ntoskrnl:ntoskrnl.exe
 0002:00000038       __imp__IoCreateSymbolicLink@8 00402038     ntoskrnl:ntoskrnl.exe
 0002:0000003c       __imp__IoDeleteDevice@4    0040203c     ntoskrnl:ntoskrnl.exe
 0002:00000040       __imp__IoDeleteSymbolicLink@4 00402040     ntoskrnl:ntoskrnl.exe
 0002:00000044       __imp_@ObfDereferenceObject@4 00402044     ntoskrnl:ntoskrnl.exe
 0002:00000048       __imp__ZwClose@4           00402048     ntoskrnl:ntoskrnl.exe
 0002:0000004c       __imp__PsSetCreateProcessNotifyRoutine@8 0040204c     ntoskrnl:ntoskrnl.exe
 0002:00000050       __imp__PsLookupProcessByProcessId@8 00402050     ntoskrnl:ntoskrnl.exe
 0002:00000054       __imp__PsLookupThreadByThreadId@8 00402054     ntoskrnl:ntoskrnl.exe
 0002:00000058       \177ntoskrnl_NULL_THUNK_DATA 00402058     ntoskrnl:ntoskrnl.exe
 0002:00000228       ??_C@_0CF@DDOEGKHI@D?3?2WinDDK?27600?416385?41?2inc?2ddk?2w@ 00402228     main.obj
 0002:00000250       ??_C@_0CM@LOONDNKF@Irp?9?$DOCurrentLocation?5?$DM?$DN?5Irp?9?$DOSta@ 00402250     main.obj
 0003:00000000       ?g_PendindIrp@@3PAU_IRP@@A 00403000     main.obj
 0004:00000000       ?MyThreadStart1@@YGXPAX@Z  00404000 f   main.obj
 0004:00000030       ?TestMultiThread@@YGXXZ    00404030 f   main.obj
 0004:000001e0       ?DriverUnload@@YGXPAU_DRIVER_OBJECT@@@Z 004041e0 f   main.obj
 0004:00000200       ?DriverStartIO@@YGXPAU_DEVICE_OBJECT@@PAU_IRP@@@Z 00404200 f   main.obj
 0004:00000210       ?DriverEntry@@YGJPAU_DRIVER_OBJECT@@PAU_UNICODE_STRING@@@Z 00404210 f   main.obj
 0005:00000000       __IMPORT_DESCRIPTOR_ntoskrnl 00405000     ntoskrnl:ntoskrnl.exe
 0005:00000014       __NULL_IMPORT_DESCRIPTOR   00405014     ntoskrnl:ntoskrnl.exe

 entry point at        0000:00000000

 Static symbols

 0000:ffff9000       .debug$S                   00400000     ntoskrnl:ntoskrnl.exe
 0000:ffff9000       .debug$S                   00400000     ntoskrnl:ntoskrnl.exe
 0000:ffff9000       .debug$S                   00400000     ntoskrnl:ntoskrnl.exe
 0000:ffff9000       .debug$S                   00400000     ntoskrnl:ntoskrnl.exe
 0000:ffff9000       .debug$S                   00400000     ntoskrnl:ntoskrnl.exe
 0000:ffff9000       .debug$S                   00400000     ntoskrnl:ntoskrnl.exe
 0000:ffff9000       .debug$S                   00400000     ntoskrnl:ntoskrnl.exe
 0000:ffff9000       .debug$S                   00400000     ntoskrnl:ntoskrnl.exe
 0000:ffff9000       .debug$S                   00400000     ntoskrnl:ntoskrnl.exe
 0000:ffff9000       .debug$S                   00400000     ntoskrnl:ntoskrnl.exe
 0000:ffff9000       .debug$S                   00400000     ntoskrnl:ntoskrnl.exe
 0000:ffff9000       .debug$S                   00400000     ntoskrnl:ntoskrnl.exe
 0000:ffff9000       .debug$S                   00400000     ntoskrnl:ntoskrnl.exe
 0000:ffff9000       .debug$S                   00400000     ntoskrnl:ntoskrnl.exe
 0000:ffff9000       .debug$S                   00400000     ntoskrnl:ntoskrnl.exe
 0000:ffff9000       .debug$S                   00400000     ntoskrnl:ntoskrnl.exe
 0000:ffff9000       .debug$S                   00400000     ntoskrnl:ntoskrnl.exe
 0000:ffff9000       .debug$S                   00400000     ntoskrnl:ntoskrnl.exe
 0000:ffff9000       .debug$S                   00400000     ntoskrnl:ntoskrnl.exe
 0000:ffff9000       .debug$S                   00400000     ntoskrnl:ntoskrnl.exe
 0000:ffff9000       .debug$S                   00400000     ntoskrnl:ntoskrnl.exe
 0000:ffff9000       .debug$S                   00400000     ntoskrnl:ntoskrnl.exe
 0002:00000098       $SG31075                   00402098     main.obj
 0002:000000b0       $SG31079                   004020b0     main.obj
 0002:000000c4       $SG31081                   004020c4     main.obj
 0002:000000f0       $SG31084                   004020f0     main.obj
 0002:00000104       $SG31132                   00402104     main.obj
 0002:0000010c       $SG31142                   0040210c     main.obj
 0002:00000114       $SG31157                   00402114     main.obj
 0002:0000012c       $SG31161                   0040212c     main.obj
 0002:00000140       $SG31165                   00402140     main.obj
 0002:00000150       $SG31174                   00402150     main.obj
 0002:0000017c       $SG31177                   0040217c     main.obj
 0002:000001a8       $SG31192                   004021a8     main.obj
 0002:000001b8       $SG31200                   004021b8     main.obj
 0002:000001c8       $SG31211                   004021c8     main.obj
 0002:000001dc       $SG31215                   004021dc     main.obj
 0002:000001f4       $SG31230                   004021f4     main.obj
 0002:0000020c       $SG31231                   0040220c     main.obj
 0005:00000262       .idata$6                   00405262     ntoskrnl:ntoskrnl.exe
